cnumpy.core.multiarray
_reconstruct
p0
(cnumpy
ndarray
p1
(I0
tp2
S'b'
p3
tp4
Rp5
(I1
(I38
tp6
cnumpy
dtype
p7
(S'f8'
p8
I0
I1
tp9
Rp10
(I3
S'<'
p11
NNNI-1
I-1
I0
tp12
bI00
S'\x00\x00\x00\x00\x00\x00\xf0?\x00\x00\x00\x00\x00\x00\xf0?\x00\x00\x00\x00\x00\x14\x9e@\x00\x00\x00\x00\x00\\\x91@\x00\x00\x00\x00\x00\xec\x91@\x00\x00\x00\x00\x00\xe0\x81@\x00\x00\x00\x00\x00\x00\x00@\x00\x00\x00\x00\x00\x00\xf0?\x00\x00\x00\x00\x00\x00?@\x00\x00\x00\x00\x00\x006@\x00\x00\x00\x00\x00\x00,@\x00\x00\x00\x00\x00\x80A@\x00\x00\x00\x00\x00\x003@\x00\x00\x00\x00\x00\x00\xf0?\x00\x00\x00\x00\x00\x002@\x00\x00\x00\x00\x00\x000@\x00\x00\x00\x00\x00\x00\x18@\x00\x00\x00\x00\x00\x00.@\x00\x00\x00\x00\x00\x00\xf0?\x00\x00\x00\x00\x00\x00(@\x00\x00\x00\x00\x00\x000@\x00\x00\x00\x00\x00\x00.@\x00\x00\x00\x00\x00\x00\x00@\x00\x00\x00\x00\x00\x00\xf0?\x00\x00\x00\x00\x00\x00\xf0?\x00\x00\x00\x00\x00\x00\xf0?\x00\x00\x00\x00\x00\x00\x08@\x00\x00\x00\x00\x00\x00\xf0?\x00\x00\x00\x00\x00\x00\xf0?\x00\x00\x00\x00\x00\x00\xf0?\x00\x00\x00\x00\x00\x00\xf0?\x00\x00\x00\x00\x00\x00\xf0?\x00\x00\x00\x00\x00\x00\xf0?\x00\x00\x00\x00\x00\x00\xf0?\x00\x00\x00\x00\x00\x00\xf0?\x00\x00\x00\x00\x00\x00\xf0?\x00\x00\x00\x00\x00\x00\xf0?\x00\x00\x00\x00\x00\x00\xf0?'
p13
tp14
b.