cnumpy.core.multiarray
_reconstruct
p0
(cnumpy
ndarray
p1
(I0
tp2
S'b'
p3
tp4
Rp5
(I1
(I398
tp6
cnumpy
dtype
p7
(S'f8'
p8
I0
I1
tp9
Rp10
(I3
S'<'
p11
NNNI-1
I-1
I0
tp12
bI00
S'\xc2\xe6@\xeaC\x988B \x84\x10\x02\xec\n>Bk\x9a\xa1\xc7hT7B\xdc\x19\x12\xd3\xab\x847B\x88\x87\x87\xa7Od+B\xfdWzt5|.B\x1c\x9f\xc9;\x8fX/B\xcd\xee\x11\x92\x84\xa40B\xb7\x875\xce\x96\x80/B\x1e\x1e\x1e\xfebo0B\x00\xccHm\xf7\xd70B\xce-\n\xc4p30B\xcbD\x88\xc6\xdb\x14.B;j7\x8a\x88"/B.%\x98Uw=/B\x11\x84\x04\xc5\xbcm0B\xf4\x0e\xfe\xc3\x9b\xc60BI\xc7\x8a\x1c@\xd40B\x0bbr\xcd\xa4V1B+\x04\x19\xb6W\xaf0Bi\xaf\xb3\xff\xcf31Bl]\xa1\tL\x8d0B\xfd:\x05\xb6z\x840B\xd5\x12D,\xef\x1f1B\xb0R_x\xb4\xbb1B\x92\x9f\x84\x1a\xce\xd10B_\nZ\x7f\x06{0B\xc1\xf7\xbb.J\x8b0B~H\xc4\xa3j\x10/B\x0e-\x04|\xcd\xfb/B\x1d\xb5\x08\xb9y\xad/Br\x91<\xda\xae30B\x07\x97\x91~%~0B\xb7\xae\xfaV\xd7\x940B\xd2qc\xab\xa5\xcc0B\x84\xfdV;\x03.1B\x0e*\xcfsH/1B\xb9\xc07\x11\xaf\x8b1Bgi\xb4\xca#\xee1Bx\xd9\x8d(@N2B\xfa\xb2I08\x922B8h\xff `@2B\x19\\u\x00\xea\x872B\xb2\x92\xb1\x1d\xb0?2BJ\xab\xf5=\x10\xaa1B\x16\xc8\x05,L\x072B*\xd7!\x10V 2B\xda&\xd9f~\x1e2B\xf4\x13\xe2\x8c\x84$2B\xf9\xe0\x83\x9f\x1fX2Bv\x04_3#v1B\xe6e\xee\xbd\x8181B\xc0\xe5\r#\xc7\x821B\x02\x83\x95\xb1\x1a\x961B\xb0\xdd\x84\x05\xc4\xb31B\x8d\xdc\xcf\xb3\xe6\xfb1B.\x99\xd9\x16.\xe71B\xdal9\x9f\xbc\xea1B\x15]o\xd1\xe1\xfd1B\xc3\x1fYKJ\x032B\x7fZ\x1e\xc5\x07;2B\xac\xbe\x0e\x9a9\x7f2B\xcef2E\'p2BCy\xc6\xc0{\x9d2B\xa3"\xdc\xc6\x14\xd72B\x8c!d{\xeb\x103B\xf8\x01\x1c\x91\xafE3B\xcbiT\x8b\x85\xee1B\xea\r\xbd\xa7\x93\x122B|\xfd\xd9\x0e\xaaP2B\xe0\xa2\xdb\xa2\xab\x8e2B\x94\xf6\xdb\xdb\x1d\xa82B\x9eZk\xac\xaa\xd02B\xaa^/\xa7\xff|2B)\x97g\x81F\xb12B=\x0f]\rJ\xdb2B3\xe1\xec\xed\x9c\x143B\x7f\nA\x1e\xc3,3B(\xa6w_k`3BC\xeac6\xf1M3B\xca6\xc2\xb7\x0bo3B\xab\x0b=\xad,+3B\xf8\xc8\xcc\xd1\xa3F3B+;\x9a\xadpH3B$\x1bp\xd0\xees3B\xa6\xed\xa4\xb1\xbb\xf32BC\x9e\rod82B\x1a\x9f\x9dP\x12i2B\x16\xc1\xfe=Ci2B\xcc\xd7\x02\x80\x9d\x952B\x8e\xf9A\x11\xd3\xa92Bzw.\x02\xee\x822B\x8aWQ\xd1\x8e\x9b2B\xf3\xc9\xf5\xb2\n\x892B\xf9\xbd\x03N/W2B\xb0\x03)\xb2\xb9^2B\x90c\xf8\xf9\x8c\x852B:m"\n\xf3\x862B\xe2\xd2kH\xb6\xb32B=Y\xa8\x08=\xa52B\xea\xf9w\x82\x8f\xbe2B\xdbsP[\xa2\xeb2B\xffSb_L\xd22BW\xb7\xb3\xafP\xfe2BkSk\xf3\xde\x013B\xad/|\xb6[)3B]zG\x10^A3B\xa24>r\x10&3B\x0c\x12\xb3\x89=93B\xca\xe0\xfaa\xcfR3B\xe3\x9c8p\xb7W3B3@\xb3\xaf\xf7\x803B>\xef\x8f&\xb2\x8f3B\xac\x1eV\xa1\x7fr3B?\xbd\x83\xb8\xcd\x993B\xdc\xfe\x8a\xceE\xb33B\xb4\x1aA\x80]\xd63B ]~\x00\xe0\xf33B\xef"X\xee\xff\xdb3B\x16\n\xf4u\xa3\xfc3B\x1b\x80\x9d\xc5\xe8\xc23B&\xa0\\\xfd\xec\xc43B?\x1ez/\xc3\xe63B\xb0\xee\x91>\n\xaf3B\xa3K\x1e\xd6Y\xd63B\xab\x19n\x07\x95\xa83B\xebdu6H\xb43B\x88\xe4\xc7\xbdj\xcd3B\xce=\xfc4\x14\xe73B\xca\x8e\t\x84\x92\xc83B\xde\x94\xc3B\xd2\xd33Bl\xd7\x9b\x9d\xea\x9f3BSa\xeeY\xce\xaa3B,v0\xa1\x9d\xa53B2w\x9eT\xc0\xc23B\x8dRE\x86_\xd63BK\xb0i\x9c\xdd\xd53BZ!\xe3\xe7<\xe43B\xcf\x99\x82\xfd\xb2\xf83B1\xa7\xca\x15&\x104B\t9\xf0N\x1b(4B\xaew\x05\t\xff\xe33B\xad\x81\x14h\x83\xe23B\xa3+\xeb\xfb\xab\xde3B\xdd\x11w.\x1e\xe63Be\xb8S\x84\x17\xfb3B2JQ\x91\x18\x0c4BI6\xf5\xcd+)4Bs\x8a\xaa\xa5C\xf23B]\xf1\xd1Q\xa4\xf53Bw2h\x1e\xa9\t4B\xbf\x12\x0f\x98\x18%4B\x9c\xa1c#494BZ P\x8c\xa4\x0e4B\xeb\xd5px!.4B\x07\x10\x94?524B\xf4B\x9dy\xc7-4B\x18\xf5+G8\xd73B\x8f\xbf\xaaYy\xea3B\x04rMRg\xcf3BTem\r\x0e\xac3B\x05\n2\xa0!\xc43B\xb0\xe1:\xb9\xfd\xd83B\xf8\xc4\xd9{3\xe73B\x9b\xba\xf1\\\xdd\xf03B\xc9\xe2M\x07\xdc\xe43B-\xde\xc5b\x87\xff3B\x98\x07j;\xa3\x194B\x14\x11\xa6\xa4\x8a54B\xe1\xb2\x9f\xcfZ)4B\xe4,\xb6\x92\xda\xf83B\xbd\xf9\xcf\xcdI\xfd3BGL\x95\xe8\xb0\xe13B\x96\x083\xe77\x983B[`E/!\x8f3B\xff\xd28V\xc8\xa33B\xae\xf5!\xa8\x04\xa23BE1T\xf7\xc3\xba3BT\xce\xf9\xa6\x90\xcc3B\xf9+\xc9\xde1\xb43B6\x91\xd4\xe2,\x843B\xdf\xdc\xbe~\x8e\x9e3B\xfa\x1bS\x9e\x00\xb23B\x8f\x88M\xea\x97\xb13B&9s,3\xc13B\x1c\x03c\xc6)\xad3B\xdb\xefc\xfb\x16\xc43B\xb4\xcc\xc6:\xda\xc53B\x13\xe2\xc8\xdau\xcd3B|\x99\x8d\xb4\xb1\xe33B\x93\x02]O \xc23B\xc7\xf9[;\x05\xbb3B\x1a\xa2)W5\xa33B\xd8\x87\xb2i\x81\x8f3B\x8d\xb5-[\xf5\xa43B\xa1\x16nK[\xa63B\xbee\xf2\x19\x02\xb23B\xab\x8d\x12lP\xc23B\xc0\xaa \x13\xa3\xd33B4\x90/jY\xc73Bm\xc9\xac;\xb4\xde3B\xba\xbfaJ\x8b\xc13B\xc8\x90xeC\xcd3B\xaa\r\x10\xd3\x9b\xbf3Bb\xa6\xa8\xd2n\xc63B[@\xae\xea\r\xde3B\x8f\x14"d_\xe53B\xcd \x9cW\xed\xf33B\xa7M\xf5W\xdd\xbc3B\xedZ\x9d\xe6\xe2\xcd3B\x82*\xde\xe3\x9e\xdc3BJ|\n\x7f\x0f\xe93B\\\xef{U5\x9a3B#V\x85O\xf8\xaf3B]\xe5\xb3\x8fW\xc33B\xbe\xc3\x8epK\xd53B\x1eM\xc1WK\xdc3B\x88w\x88\xd7W\xee3B)\x14\xcd\xb8\x8b\x024BR\xf4_\xdf\xed\xea3B0Mz\xd8A\xed3B\x8e?\x88:\x1a\xfb3B\x83\x93\x15\xdf\xcd\x034B\xeazj\xff\xa0\x174B\xb3\xe4^\xa7\xd8\x154B\xc5{7\xf7;\x1d4B7\xa6\x1bCb$4B\x0emk\x00h\x104B\x807L\xcdp\x1e4BA\xe2zN\x94\x154BH\xbfS\x10\xc8*4B\x8aPv^\xe574B\xcb>\x8d\x92\x1fK4B\xa2)\x11\x7f}T4B\x82+\x17\x83PM4B))\xdb\x8e\x11I4B,O\x14V\x06X4B \xf9X\x05\x16h4B\x85\x96#bBy4B+^tDf}4B\xf0\x12\xa4\xb5\x82\x854B!\x7fY\xac\xad\x934B\xc2$\xf8X\xdd\xa44B\nN\xf4\xbe\xc4\x854B\xab\x970\xd6\xec~4B\x1b\xc7q\x1c\xce\x874B\xe82\x13N\x1f\x9b4B \xac_\x99\x0b\x9f4B\xf0RNL\x8e\xa54B\xe4`\xbb\x05}\x9b4B\x1aX\xfb2\x90\xae4B;\xb8=\xb4\x8e\xc24BS\x9a<\x95\xc5\xc24B\xe9\xdb\xf8{\xf6\xad4B\xd8B@Js\xb04B\xd8 #)\x85\x934B\xb1\x8c\xd2U\xe5\x9e4BY\xee{M\xd4\x944Bd\xa0\xcd\xe2\xff\x9b4B\xe6\x08\x1f!\xb6\xa64B>D\xaa\xfb\xd6\x814B\x90\x06iQ\x9d\x854B\x11\xbdYk\xb1\x8c4Ba\xa2\xd1_\x9c\x9e4B\xde\xc1\xaa\x92F\xa24B\xce\x90\xe7\n[\xb54B\xdf\xb8\xf2\xbe\xe0\xb04B\x8c\xf0k\xf7\xdf\xaa4B\xdc-\x13{\x84\x8d4B\xaeq\x14\xd2`\x934B\x0e\xbd\xf1\x92\xb6\xa54B\xb35:7\x86\xb74B\xc3\xf0;\x88\xb3\xc04B\xe0\x16\xcbu\xfa\xcd4B\xcf\x0e\xa9\xb19\xdb4B\xb8\xf3\xe8\xc9\x8c\xc44B\xcb9\xe8\xf6\xc3\xd44B\xacW\x18+\xfa\xc74B\xa4)YW \xda4B6\x7f\x1b\xa73\xb64B\xc6Er\xff8\x9d4B\xf4\xf4N-\x18\xa84B"\xef\x12P*\x964BW\xbe\xd7\xb76\xa54B\xf3`\t\xcb\x9d\xb14B9\xd0\xba\xac\x9d\xad4B\x1e\x92\x08\xf7\x13\xa64Bt\x11\x1f\x0c\t\x9c4B\x0e\xfa\x7f\xe0\x1dy4BE5Q\x95\xa6\x8a4B\x8a\x7f]x\xa7\x954B\x94\x16\x92\xca\xa7\x894B\xf5\xcb\'\xe8\x9c\x884B\x7fN\xf9\xf4\xea\x7f4B\xeb)\xe9~M\x854BC\x01*;e\x934BW\xd8\xbd\xd4\x07\x994B\xf0o\xa91\xe2\xa94B\x03\x8b\x009x\xa54B\xf9\x8e\xa0\xceA\x8e4B\xaeh\xe2\xfc\xab\x9b4B\x91\xfd\xe4\x98\xd6\xa94B\x9b\x11\x85\x17{\xa94B\xff\xe2?\x82\xe2\xad4B\xff\xb1\x92A\xe7\xa14B\x05\xf4U\xc0\xc6\xab4BfZ\xb9,\r\xba4Bs\xe55\xd1p\xbf4B\xff\xb6+\xfbK\xb54B\x0f\xb0d@\x9b\xc34B\xacM\xaa\xb0\xce\xae4B\x06\x95\x19\xf7\x8bo4B\xdd\xda\xa2\xb4\x1cR4B\xa5\x1e{;h[4B\xa8\x9e\r\xf7\xb7h4B\xfen\xc4\xddhs4B\xab\xe4(\xfa\xb5Y4B\x8e\x1e&\xbfXX4B\x97\xec\xd4\xe1\xce\\4B\x83\xb2C\xf2\xa4f4B\xef\x1c.7\xb9u4B$p\xe2\x9b\xd3w4B9\xba\xcf\xe1\xbe~4B\xe4P\x968\xeak4BqN\xd3\xe6\x1a{4BS\x1dz^\xe0\x884B\xf3\xefc\xfa\x8f\x8f4B\x9b\x16&\x94t\x8f4B2&\xd8x\x81\x974B\xd8\x13B\xc1C\x9e4B\x0fg\x00K6\xaa4Bo\xcf\x8f}\xb2\xac4B\x15\x1d\xf9\x1f_}4B\xb9\xa6\xda\xe3\x17\x874BT\xd55\xaa\xdc\x8e4B\xa2\xe0\x1b\t\xeb\x954B\x85\xaau\x94K\x9f4B\xd1\r\xb1}\x10\xa94B\x02\x10x\\\xc6\xaf4BE\x87r\xb3\xed\x994B\xbc\xfc\xdd\x7fL\x984B.v\xea\xe4\r\x954B\xff\xfa\xe2n<\x9c4B\x91j\x04\xde\xe6\x8e4B\x8eE\xab\x16{u4B\xf6\x8f\xf7\x89\xd8\x824B\x13 _[\x13\x8c4B\xfb\x8d\xa0\xd8X\x874Bvv\x87\xbf$\x8e4B>\x8a\x00\\\xc9\x944B1\xa7\xe9Q\xd6\xa04B\xf7\xa4@\x85\xb5\x8a4BtX/\x103\x974B\x95sL\x1b.\xa14B^\x92WS\xc0\xaf4B\xdbL\x9f\x85\xcc\xb64B\x96\x82&\x88r\x994B\xe5Y\xe1\r\xec\xa54B\xd9\xd0\xe9\xf56\xae4B\x8e\xaeV\xfc\x81\xa64B@\xe0z\x90<\xae4Br\x13\x9b\xf3s\xa24B\x11E\x8c\xc9\xae\xab4B|\x0b\x95\x97\xea\x9c4BQ\x06N\xc1\x9e\x9a4B\xfbjK\x10w\x984BLg\xc2\t\xa2\xa44Bx3T\x84\x94\xab4BL\xb0\xd6\x84\x8e\xb54B\xc5E\x16\xc7\xe3\xad4B\xd2ce\x85o\xb74B4\x98\xae\xac\xa3\xc44B}|\x03\x02\x97\xc94BN\xfb\xf7\xcf\xd1\xa54B\xc9\x0b\x06\xe6\x84\x864B1\x85\x15w\x80\x914Bw\xa9\xb5\x8c%\x994BUT\x89x\xbe\xa24BF\xb1\xdaJ\x1b\xaa4B\x0c\xa8\xc8\xd8\xb8\x844B\xda\x84\xf5o\x96\x8e4BE\x99_z\x93\x884B,u\x83\xde\xc1\x924B-\x16\xf2\xb3\xe8\x854B\xac\xde\xb2\x9b\x98l4B\xef\x10\xcakFy4B<Y\x9f\x08S|4B]\xb2\x03Z\xfe|4B\xec\t\xa8T\x0e\x864B\x8b\xae\xde\xb2Hf4B\x14#X\x0e\x19p4Bo\x8f\xa5~\xa7{4B\xec+U\xf8\x0b\x824B\x8a\xa2\xb6\xa8\x07\x854B\x01\x9a\xe1\xf9\x08\x844Br\xcfy3\x90\x904B\xe6\xf3N\xa6\xbc\x9c4B\xa2o6\x97\xbf\xa34B'
p13
tp14
b.